// Jest Snapshot v1, https://goo.gl/fbAQLP

exports[`Generic Card Matches Snapshot 1`] = `
<div
  className="bg-white shadow-3 w-100 mv3 pa3"
/>
`;
