// Jest Snapshot v1, https://goo.gl/fbAQLP

exports[`Hero Matches Snapshot 1`] = `
<div
  className="pv5 flex items-center justify-center flex-column bg-lightest-blue"
>
  <h1
    className="f2 f1-ns accent-font navy lh-copy tc"
  />
</div>
`;
