// Jest Snapshot v1, https://goo.gl/fbAQLP

exports[`Text Card Matches Snapshot 1`] = `
<div
  className="w-100 pa3"
>
  <h2
    className="accent-font ma0 navy"
  />
  <p
    className="sans-serif lh-copy f4 mid-gray"
  />
</div>
`;
